// Vitest Snapshot v1, https://vitest.dev/guide/snapshot.html

exports[`card > renders product image 1`] = `
<div>
  <div
    class="loading"
  >
    Loading...
  </div>
</div>
`;
